
=== 14:58:51 connected to 127.0.0.1:19139 ssl=True ===
Find the secret.
length = 30
queries = 195
> 
=== 14:58:51 SENT ===
0 zzzzzzzzzzzzzzzzzzzzzzzzzzzzzz
0 zzzzzzzzzzzzzzzzzzzzzzzzzzzzzz
larger
> 
=== 14:58:52 SENT ===
0 000000000000000000000000000000
0 000000000000000000000000000000
smaller
> 
=== 14:58:52 SENT ===
0 not-base62!
0 not-base62!
invalid
> 
=== 14:58:52 SENT ===
1 zzzzzzzzzzzzzzzzzzzzzzzzzzzzzz
1 zzzzzzzzzzzzzzzzzzzzzzzzzzzzzz
larger
> 
=== 14:58:53 closed ===

=== 14:59:27 connected to 127.0.0.1:19139 ssl=True ===
Find the secret.
length = 30
queries = 195
> 
=== 14:59:27 SENT ===
0 zzzzzzzzzzzzzzzzzzzzzzzzzzzzzz
0 zzzzzzzzzzzzzzzzzzzzzzzzzzzzzz
larger
> 
=== 14:59:27 SENT ===
0 000000000000000000000000000000
0 000000000000000000000000000000
smaller
> 
=== 14:59:28 SENT ===
0 not-base62!
0 not-base62!
invalid
> 
=== 14:59:28 closed ===
