0 129 86a8923a1da0f0ef5201c77466fe1f6765fc0b9a27a62c5892357421f845f172
1 130 29b9d2803d0d5d60f862d4b1a75d206e993eba350e912aeda91b2e20fc87307f
2 127 5272b8a5c4c7039803b8208402d1b8858e0186518b45488ce7febe583192f015
3 129 7cc2fc04b4ba8e1e3198163b91c46f060860b22b1f381d58bc819cc9381a77c2
4 126 5399e14c2f1c52338be52ad220a69a1abb17736a01c46d83c0606fa961c29cc7
5 131 17fcb50b2d4253e519fb097241616b1bd2e46e79b312820a485f67bc0f11267b
6 133 3183abe950b09568a23645b70ac1c70be1dd9ff75cc7b6960b830e88b303405b
7 127 8adeb3cbf181a476e9e6fbc2fbf5eed60e863a7ded4a86ea91cc2d5152249729
8 128 384e822b5bcda5b75c7247020338642150dc5d8f74a9afa9bf7cb5486db82d01
9 128 86a8599de16c3ad5df042e41cb70bf0c712180dced76a6493c039b232b883538
10 129 d4747bc4adcf8fee134dd8bc967893b7b9c0fcb5ff38eb85df1ec7ca2edf64a0
11 126 6909bfd73e0146374f491df008668121f0314230d75b0ac9f12414c9c828f6be
12 128 0c14137eb688c04fca51ec745d07274b8020c3a77453055318f27643b3740404
13 125 0d2c0da8caacc31e151fbde22e0aed467d48d10415c3a8badff611dd878510bb
14 130 f978809c8c7c4741bce536f2cf65a4aea6541964d274b342b72634646af383fe
15 132 be34ab99b4528ecc78c3ed99c1dfc1b42211087be37bc1bb67f6c3109a6ef2b1
16 126 66c4507fa1deeddcb5a105ce785c8fb3ad6516e843eeecacd151591448595c45
17 127 b185a90f817e23e429270c2b69f85bdc490dcebe154c7887397ec0fc77943a88
18 130 6835774ceff4882a0a5f848b8bf8ebc5533768da8de63e118ce737eec61c3960
19 131 a2985792499af6dcb90c37177bfbca231670f60aa50e4a68d808a835225849ee
20 128 9d6686428be8a60f9b088e3c11695ffb90fe9d72a5c2ef01b54627df3ad57e1a
21 130 bb82b9dd0fb058748c105e533f9d7350be1851c22f54bfbd6973d49e2438b02b
22 127 e3616b5577ae4ccc571818e637e2f831886445c3368f6366a71b12055bb5845e
23 132 112585776ad814b52d4d061d34f0e28ea8024d3767c1087bf7e5bccf3d5d1242
24 134 9cd0f561b865fbebe130b84c4e513ba4d3e19977b1df0f614e5bf22b66ff153c
25 128 6c2105593863aac62678ff19eb245f26c178f68295f334189bad6f53a9a9e042
26 129 2cb452aba5dc6b49c238c5100c91a08c85bd6dbe0e8f0801bdd74e37ee9b7341
27 128 17316795250c97fa9a89c93e0a65796ec48b627c761112623ece1612576b6632
28 129 cb7c9a3dbea406db71457fefe3787b89890177c01e2b4dc178e04067111f132d
29 126 9d0b9ee6a890893b09b79e88f9163f4d814c167e3806c497b492a6fcd4287bd9
30 128 881b108802675f371c5c2109328a0d565a99fde667731faf5bf4ecffc0bd558a
31 125 8fcc695e706bb76926a92c69c769c88a35aad0f6d7d26587826a1756c4e9d3a4
32 130 d87c3e3ad65205f44db666fb0d14300ae4cd9e195db61a3242a556b6e0a0703c
33 132 f872486d9af58ff8ba486f179bfb0a6a7f45c51c89a9e3fda12b56f6c8680021
34 126 e3a7b467d06e00898bdfaf7d5173efcc9461588ec2254f513695e4e5a06b203c
35 127 e8055b25336f629e60d1e96804ae1f18a9b6f9d2218c66e26f4ef0ec0fabf006
36 128 8aae13c96d5edf560239b0ec87df59e0f534a634a2ca6b9e006624ae62f66109
37 129 5bdd77502569ffded1690baed0872f77bb9a7cb1088dfa35b31339d3f86cac98
38 126 04399c23a775ece0ceab39e2f8ccbf788ead776ae0e6ec1510d8b679ff9cc136
39 128 9381e95032eef26e0d9c20960eb89e6efc7207d1117329d45c1461261bd47aeb
40 125 b360edc0158e734156d22b374b32aae069e06f1c9aae3fe3f3f2d87713562e22
41 130 2334ff048de580881baa3964d27c5c8eed411eff411ce16ce3944306569fff62
42 132 c1077f32fa0d820b3a48ea40a527cff11d1bd63bf665451d5c74039e9db7611f
43 126 64edab1fd6df4978364e9cb7aa6edb4865d3fb121b75581fb319ac15564cbf1a
44 127 74ad457548bdf04b081b978bb53d5a75ec7c5a2a66d220a4d561567ca023040b
45 127 f00ec4616316349395300407401950c657ab034898bb1c7c247c2ab159c329c5
46 128 01a514ae760ed94a6cd5e4b4ae6c8df5415f15b7932a9fed61a9e46b89d42d3a
47 125 e79d6d739309dacc48f5c4be94de14cdb3c16389e187bc5aa3c2270a047213f4
48 127 38d237611f9b50564a269e7d5867658457538fd233bac52207dd94aa65b82336
49 124 027494348ceb5f8befe10bb8253c4c144b1fc07529d5f12a8703fd50bb27849b
50 129 2a2b971df72dee9643bb2d28f38ee4573d58f0e8ff549e99721575e19f5bf2da
51 131 3808c47459b06fd24f5a41a37d382942485c03d7a9b7a00731281bec51a04dba
52 125 d55e42d484ef9a61df3d8080d5ed75bbc7a5e7f94affe672e8e95e5463719094
53 126 6d253d788a80f45971f1cdbd970b64871d124f3e90cf7a361b65459789f2ed4f
54 129 247d0e61c0606de83c07870c10b2e6bcc630dcb9410e6f01dc79577bd697743f
55 130 22129e87d047adc7a9479f0e27dc89849db74cd0583b4e43e889fc050910a376
56 127 f4ccb3c9f8c1374051dfa22f5357087c702b3cdbb84430f339b45c3779cb58f9
57 129 8eb5d7416a326acf993dc453bfc38fc47ab733544ae63d63401dfe58ec08e503
58 126 09de69b89b1f850ef3b70afcea7266a5dd5dd6352772de45376076c756d567db
59 131 8699b130aeb9d7ab254ef58588d07770ffa6af75ad21969f894f428b2596955b
60 133 3b9ed3a3968fea39b7bf25792284cdcd08d16106bf19efdf629ea461a3bc2f5c
61 127 09b4f1a7748e3afc4331d60dfeb2bb426eca03846d9ff590ad8c53e4f0595b91
62 128 6f91ddba2b85c4cc80b08b081db23d64cb78c78c154b4ee5513610793d9a85ca
63 131 4e9e3ce4ab19af75a8428fc99c40ca78d8482e9cec1e27a252c01e0534dc50a0
64 132 7b60caff48043eae8c933728b80d3092761ef5806049b6e6cfca7e8fa3e0ad50
65 129 2fc12c62644258a7d16d42b3ee432f4167ad0cf40812a9536ffea9f5a836068c
66 131 1a06a0ff54f2f4e983cd04573d951710dc1853f459f77cdb8d7b4eb6da45005d
67 128 30d687b7d13fd0d8c709c69e0169a06e680f31aa264428691fcc6930329757c4
68 133 4356c09559ab6912a17ec0533a0400a84e717d6547936efb1da223be0c1d4cdc
69 135 3b11b29bcef2b2537a63b801efd61f92a6c575572e683100b9775a5619f4ef34
70 129 2153f7be98d8958a617ff6b57cad90ca7e4fd5424f504c6b1846af13cce23750
71 130 db788207c12799ababb0719a32585c52e78b9100923338356c5c0fa017807997
72 134 6a73bc8170d025a594924615638eb49d06a77859adfce44693a4794636257196
73 135 1b57ba7cf486ce053035fbc5a6383b4573fcc79429d296d8b65aace8571cc310
74 132 6af1fea16f1747a1ac1b353c1b90129524687d093dde03d7abcda6760bf8ec4d
75 134 6260822496504838782319b3eb38eed99e52377762354ed0437e172269723f76
76 131 66382381654a6c42644c548e953506db52d46176e97c99ecdaa23f0ccf3aeda9
77 136 5c42828adef6db298fa7f35ff3ace1478a82d4a5597f267310c7ab768445d74a
78 138 dedc3497bf1613737f7f147aa18ea3d9492f58019c7fe258e60d93b5ba7e141a
79 132 550d93f7bb9ad2c464d11fd49b470b8a618b537d177ba3dd28c15aa561499a03
80 133 c7ca4af0e60b111a9c91fad298f3560c0bd24cb518dcfedceed1030758afb91d
81 130 7ae05311b68d46e467af1997ec2c450ab730b68c831a138da10576f4c70a1e73
82 131 5ce429cdef3212132e9bd9df6fa687b596bdaf8da8db14e49bea83230c1d4478
83 128 04a1905733f0d2ffa135e4fd1c39d10ed967170a273124215ad66451f39706dd
84 130 44280994b561ddbdd4c0268b00dccc726ccf9c0e16a4e6d98d6bd1af7f8a82c9
85 127 4efa2397fe658c0c847e6addf37d7c1c4fff1625cc4bee2d20162d0f10a52896
86 132 2e480bc569b99a35de5a5c08a127b0deecacd9f8b7c14b1f37955a5b278111c1
87 134 13d20f711280137c2f7725cfa10d9a0b7bbe9215ed71cef1efc6ad997ecb3467
88 128 04285f861c8fb394be141c6dbf6da218b0f9428dcdd06db827f619654bbcff0b
89 129 99827dd69b1fc0d10dbe13776c8bd0650697a5ff76d05c558a1686085a183dbd
90 129 d6e71759529188360e9ad490f58fe3adb935a236ed967f7430e3d6387f054e99
91 130 7a5b7cf72b1cef51e2d3d7491de56333d0629385cffacf5040f000a38ab9cca9
92 127 14393ca4d0e08005c853f110b89dbf6dc2528c971cd8daf0e7c0c75113d5872a
93 129 da372b451707dc9142980a61c54fa56952aa26d15fc877f5eb86a2c78605ce6c
94 126 8f192decf6804e857786e9c84e97e7659bc2d62edddfc2ab79f108c4d09fc139
95 131 71e154b8cfa4e91d0235105f48c639c6a391744f90ee444b5eeac6c8c9347a56
96 133 08dd4c8dcffd320839ab9a4ed48a4eec639e3dda423136a76fa9a8df8fc4fb89
97 127 2a350ee9f3733e68564bd5d0609c408367f7d96aec65c73a830cfa78990652b6
98 128 171ea5e3acfc7f47cedd6b2ed9cfb7ec7a296eb06aad9770e810e204aa786ab5
